// Jest Snapshot v1, https://goo.gl/fbAQLP

exports[`<App /> Component matches the snapshot 1`] = `
<div
  className="App"
>
  <div
    style={null}
  >
    <h1>
      Tic Tac Toe
    </h1>
    <h3
      style={
        Object {
          "margin": "20px",
        }
      }
    >
      Difficulty: 
      Easy
    </h3>
    <Board
      gameSquares={
        Array [
          null,
          null,
          null,
          null,
          null,
          null,
          null,
          null,
          null,
        ]
      }
      handleClick={[Function]}
    />
    <button
      onClick={[Function]}
      value="Easy"
    >
      EASY
    </button>
    <button
      onClick={[Function]}
      value="Hard"
    >
      HARD
    </button>
  </div>
</div>
`;
